
> optisaas@0.0.0 build
> ng build

node.exe : [1m[33m[baseline-browser-mapping] The data in this 
module is over two months old.  To ensure accurate Baseline data, 
please update: `npm i baseline-browser-mapping@latest -D`[39m[22m
Au caractère Ligne:1 : 1
+ & "C:\Program Files\nodejs/node.exe" "C:\Program 
Files\nodejs/node_mo ...
+ ~~~~~~~~~~~~~~~~~~~~~~~~~~~~~~~~~~~~~~~~~~~~~~~~~~~~~~~~~~~~~~~~~
~~~~
    + CategoryInfo          : NotSpecified: ([1m[33m[basel...t - 
   D`[39m[22m:String) [], RemoteException
    + FullyQualifiedErrorId : NativeCommandError
 
[33mÔØ»[39m Building...
[baseline-browser-mapping] The data in this module is over two 
months old.  To ensure accurate Baseline data, please update: `npm 
i baseline-browser-mapping@latest -D`
[baseline-browser-mapping] The data in this module is over two 
months old.  To ensure accurate Baseline data, please update: `npm 
i baseline-browser-mapping@latest -D`
[baseline-browser-mapping] The data in this module is over two 
months old.  To ensure accurate Baseline data, please update: `npm 
i baseline-browser-mapping@latest -D`
[baseline-browser-mapping] The data in this module is over two 
months old.  To ensure accurate Baseline data, please update: `npm 
i baseline-browser-mapping@latest -D`
[32mÔ£ö[39m Building...
[1mInitial chunk files[22m[2m | [22m[1mNames[22m                            [2m | [22m [1mRaw size[22m[2m | [22m[1mEstimated transfer size[22m
[32mchunk-QRZUWP3J.js[39m  [2m | [22m[2m-[22m                                [2m | [22m[36m261.90 kB[39m[2m | [22m               [36m74.04 kB[39m
[32mstyles-NLCSNJWP.css[39m[2m | [22m[2mstyles[22m                           [2m | [22m[36m136.84 kB[39m[2m | [22m               [36m13.46 kB[39m
[32mmain-I73UNGHE.js[39m   [2m | [22m[2mmain[22m                             [2m | [22m [36m93.79 kB[39m[2m | [22m               [36m26.49 kB[39m
[32mchunk-CCLADQPN.js[39m  [2m | [22m[2m-[22m                                [2m | [22m [36m83.23 kB[39m[2m | [22m               [36m20.67 kB[39m
[32mscripts-K5DI2XOP.js[39m[2m | [22m[2mscripts[22m                          [2m | [22m [36m66.40 kB[39m[2m | [22m               [36m10.89 kB[39m
[32mchunk-HDLJ47MA.js[39m  [2m | [22m[2m-[22m                                [2m | [22m [36m61.64 kB[39m[2m | [22m               [36m14.38 kB[39m
[32mchunk-BQ76ZXXK.js[39m  [2m | [22m[2m-[22m                                [2m | [22m [36m58.13 kB[39m[2m | [22m                [36m9.71 kB[39m
[32mchunk-GW6K4A4P.js[39m  [2m | [22m[2m-[22m                                [2m | [22m [36m56.69 kB[39m[2m | [22m               [36m14.32 kB[39m
[32mchunk-GDBF5GP5.js[39m  [2m | [22m[2m-[22m                                [2m | [22m [36m49.71 kB[39m[2m | [22m                [36m9.71 kB[39m
[32mchunk-MZFWONZN.js[39m  [2m | [22m[2m-[22m                                [2m | [22m [36m42.89 kB[39m[2m | [22m               [36m10.22 kB[39m
[32mchunk-2ICCQSCC.js[39m  [2m | [22m[2m-[22m                                [2m | [22m [36m19.82 kB[39m[2m | [22m                [36m5.17 kB[39m
[32mchunk-IVODQJGQ.js[39m  [2m | [22m[2m-[22m                                [2m | [22m [36m13.80 kB[39m[2m | [22m                [36m3.68 kB[39m
[32mchunk-FE7VCIEZ.js[39m  [2m | [22m[2m-[22m                                [2m | [22m [36m13.24 kB[39m[2m | [22m                [36m4.26 kB[39m
[32mchunk-2CAACJUI.js[39m  [2m | [22m[2m-[22m                                [2m | [22m [36m12.41 kB[39m[2m | [22m                [36m3.78 kB[39m
[32mchunk-WYC2QH66.js[39m  [2m | [22m[2m-[22m                                [2m | [22m  [36m9.12 kB[39m[2m | [22m                [36m2.66 kB[39m
[32mchunk-UI42OTWK.js[39m  [2m | [22m[2m-[22m                                [2m | [22m  [36m4.55 kB[39m[2m | [22m                [36m1.57 kB[39m
[32mchunk-5F5MT3JD.js[39m  [2m | [22m[2m-[22m                                [2m | [22m  [36m4.45 kB[39m[2m | [22m              [36m999 bytes[39m
[32mchunk-IEPHC2BN.js[39m  [2m | [22m[2m-[22m                                [2m | [22m  [36m3.98 kB[39m[2m | [22m                [36m1.03 kB[39m
[32mchunk-HZ6M6AS2.js[39m  [2m | [22m[2m-[22m                                [2m | [22m  [36m1.32 kB[39m[2m | [22m              [36m570 bytes[39m
[32mchunk-CU5PRXPG.js[39m  [2m | [22m[2m-[22m                                [2m | [22m  [36m1.28 kB[39m[2m | [22m              [36m472 bytes[39m
[32mchunk-HITJI4UJ.js[39m  [2m | [22m[2m-[22m                                [2m | [22m  [36m1.24 kB[39m[2m | [22m              [36m473 bytes[39m
[32mchunk-QJELBCDQ.js[39m  [2m | [22m[2m-[22m                                [2m | [22m  [36m1.16 kB[39m[2m | [22m              [36m505 bytes[39m
[32mchunk-3S3Z3DYF.js[39m  [2m | [22m[2m-[22m                                [2m | [22m  [36m1.01 kB[39m[2m | [22m                [36m1.01 kB[39m
[32mchunk-NCSEEZBH.js[39m  [2m | [22m[2m-[22m                                [2m | [22m[36m865 bytes[39m[2m | [22m              [36m865 bytes[39m
[32mchunk-VPNMAI4R.js[39m  [2m | [22m[2m-[22m                                [2m | [22m[36m824 bytes[39m[2m | [22m              [36m824 bytes[39m
[32mchunk-FMFC2SHX.js[39m  [2m | [22m[2m-[22m                                [2m | [22m[36m677 bytes[39m[2m | [22m              [36m677 bytes[39m
[32mchunk-6RAWREUQ.js[39m  [2m | [22m[2m-[22m                                [2m | [22m[36m483 bytes[39m[2m | [22m              [36m483 bytes[39m
[32mchunk-XINS7EH5.js[39m  [2m | [22m[2m-[22m                                [2m | [22m[36m332 bytes[39m[2m | [22m              [36m332 bytes[39m
[32mchunk-BUH7YR7H.js[39m  [2m | [22m[2m-[22m                                [2m | [22m[36m263 bytes[39m[2m | [22m              [36m263 bytes[39m
[32mchunk-WCU2F32E.js[39m  [2m | [22m[2m-[22m                                [2m | [22m[36m215 bytes[39m[2m | [22m              [36m215 bytes[39m
[32mchunk-NMN5GZR3.js[39m  [2m | [22m[2m-[22m                                [2m | [22m[36m187 bytes[39m[2m | [22m              [36m187 bytes[39m

[1m [22m                  [2m | [22m[1mInitial total[22m                    [2m | [22m  [1m[91m1.00 MB[39m[22m[2m | [22m              [1m233.93 kB[22m

[1mLazy chunk files[22m   [2m | [22m[1mNames[22m                            [2m | [22m [1mRaw size[22m[2m | [22m[1mEstimated transfer size[22m
[32mchunk-MG5ZKEPL.js[39m  [2m | [22m[2m-[22m                                [2m | [22m[36m414.06 kB[39m[2m | [22m              [36m103.13 kB[39m
[32mchunk-45RYIWZH.js[39m  [2m | [22m[2mmonture-form-component[22m           [2m | [22m[36m223.45 kB[39m[2m | [22m               [36m42.01 kB[39m
[32mchunk-B5SLLEKI.js[39m  [2m | [22m[2m-[22m                                [2m | [22m[36m204.41 kB[39m[2m | [22m               [36m61.06 kB[39m
[32mchunk-3TF6UMJM.js[39m  [2m | [22m[2mlentilles-form-component[22m         [2m | [22m[36m118.72 kB[39m[2m | [22m               [36m20.52 kB[39m
[32mchunk-TCNOAHGQ.js[39m  [2m | [22m[2mprivate-layout-component[22m         [2m | [22m[36m117.36 kB[39m[2m | [22m               [36m25.52 kB[39m
[32mchunk-LTGLJC3N.js[39m  [2m | [22m[2m-[22m                                [2m | [22m[36m109.95 kB[39m[2m | [22m               [36m19.59 kB[39m
[32mchunk-HWSZYVDR.js[39m  [2m | [22m[2mstock-entry-v2-component[22m         [2m | [22m[36m105.99 kB[39m[2m | [22m               [36m24.09 kB[39m
[32mchunk-OBHCZ3ZY.js[39m  [2m | [22m[2mvirtual-centering-modal-component[22m[2m | [22m[36m102.48 kB[39m[2m | [22m               [36m29.14 kB[39m
[32mchunk-Z5FIEFO4.js[39m  [2m | [22m[2mpersonnel-management-routes[22m      [2m | [22m [36m71.73 kB[39m[2m | [22m               [36m16.00 kB[39m
[32mchunk-BUROJE7H.js[39m  [2m | [22m[2mclient-detail-component[22m          [2m | [22m [36m68.60 kB[39m[2m | [22m               [36m14.81 kB[39m
[32mchunk-T2JLP7JF.js[39m  [2m | [22m[2m-[22m                                [2m | [22m [36m64.50 kB[39m[2m | [22m               [36m13.52 kB[39m
[32mchunk-PCOXBIOP.js[39m  [2m | [22m[2m-[22m                                [2m | [22m [36m62.62 kB[39m[2m | [22m                [36m7.72 kB[39m
[32mchunk-6BY2MLWS.js[39m  [2m | [22m[2m-[22m                                [2m | [22m [36m60.65 kB[39m[2m | [22m                [36m9.03 kB[39m
[32mchunk-I55R4F5E.js[39m  [2m | [22m[2mclient-form-component[22m            [2m | [22m [36m57.34 kB[39m[2m | [22m               [36m12.74 kB[39m
[32mchunk-O53SILD4.js[39m  [2m | [22m[2m-[22m                                [2m | [22m [36m56.51 kB[39m[2m | [22m               [36m12.90 kB[39m
[2m...and 129 more lazy chunks files. Use "--verbose" to show all the files.[22m

Application bundle generation failed. [33.188 seconds] - 2026-03-11T02:33:34.675Z

[1m[33m[33mÔû▓ [43;33m[[43;30mWARNING[43;33m][0m [1mbundle 
initial exceeded maximum budget. Budget 500.00 kB was not met by 
502.47 kB with a total of 1.00 MB.[0m


[33mÔû▓ [43;33m[[43;30mWARNING[43;33m][0m [1msrc/app/features
/client-management/pages/facture-form/facture-form.component.scss 
exceeded maximum budget. Budget 10.00 kB was not met by 4.37 kB 
with a total of 14.37 kB.[0m


[33mÔû▓ [43;33m[[43;30mWARNING[43;33m][0m [1msrc/app/features
/client-management/pages/monture-form/monture-form.component.scss 
exceeded maximum budget. Budget 10.00 kB was not met by 24.96 kB 
with a total of 34.96 kB.[0m


[33mÔû▓ [43;33m[[43;30mWARNING[43;33m][0m [1msrc/app/features
/client-management/pages/lentilles-form/lentilles-form.component.sc
ss exceeded maximum budget. Budget 10.00 kB was not met by 17.59 
kB with a total of 27.59 kB.[0m


[33mÔû▓ [43;33m[[43;30mWARNING[43;33m][0m [1msrc/app/features
/stock-management/pages/stock-entry-history/stock-entry-history-pag
e.component.scss exceeded maximum budget. Budget 10.00 kB was not 
met by 370 bytes with a total of 10.37 kB.[0m


[33mÔû▓ [43;33m[[43;30mWARNING[43;33m][0m [1mModule 
'tesseract.js' used by 
'src/app/features/client-management/utils/ocr-extractor.ts' is not 
ESM[0m

  CommonJS or AMD dependencies can cause optimization bailouts.
  For more information see: [4mhttps://angular.dev/tools/cli/build
#configuring-commonjs-dependencies[0m


[33mÔû▓ [43;33m[[43;30mWARNING[43;33m][0m [1mModule 
'@mediapipe/face_mesh' used by 'src/app/features/measurement/servic
es/mediapipe-engine.service.ts' is not ESM[0m

  CommonJS or AMD dependencies can cause optimization bailouts.
  For more information see: [4mhttps://angular.dev/tools/cli/build
#configuring-commonjs-dependencies[0m

[39m[22m
[1m[31m[31mX [41;31m[[41;97mERROR[41;31m][0m [1mbundle 
initial exceeded maximum budget. Budget 1.00 MB was not met by 
2.47 kB with a total of 1.00 MB.[0m

[39m[22m
