
> backend@0.0.1 build
> nest build

Found 8 error(s).

