
> backend@0.0.1 build
> nest build

node.exe : 
[96mscripts/debug-display.ts[0m:[93m20[0m:[93m51[0m - 
[91merror[0m[90m TS2552: [0mCannot find name 
'parentInvoices'. Did you mean 'recentInvoices'?
Au caractère Ligne:1 : 1
+ & "C:\Program Files\nodejs/node.exe" "C:\Program 
Files\nodejs/node_mo ...
+ ~~~~~~~~~~~~~~~~~~~~~~~~~~~~~~~~~~~~~~~~~~~~~~~~~~~~~~~~~~~~~~~~
~~~~~
    + CategoryInfo          : NotSpecified: ([96mscripts/de...ec 
   entInvoices'?:String) [], RemoteException
    + FullyQualifiedErrorId : NativeCommandError
 

[7m20[0m     console.log(`ƒöù Factures enfants (exclues): 
${parentInvoices}`);
[7m  [0m [91m                                                  
~~~~~~~~~~~~~~[0m

  [96mscripts/debug-display.ts[0m:[93m89[0m:[93m11[0m
    [7m89[0m     const recentInvoices = await 
prisma.factureFournisseur.count({
    [7m  [0m [96m          ~~~~~~~~~~~~~~[0m
    'recentInvoices' is declared here.
[96mscripts/debug-display.ts[0m:[93m21[0m:[93m61[0m - 
[91merror[0m[90m TS2552: [0mCannot find name 
'parentInvoices'. Did you mean 'recentInvoices'?

[7m21[0m     console.log(`ƒôä Factures principales: 
${totalInvoices - parentInvoices}\n`);
[7m  [0m [91m                                                  
          ~~~~~~~~~~~~~~[0m

  [96mscripts/debug-display.ts[0m:[93m89[0m:[93m11[0m
    [7m89[0m     const recentInvoices = await 
prisma.factureFournisseur.count({
    [7m  [0m [96m          ~~~~~~~~~~~~~~[0m
    'recentInvoices' is declared here.
[96msrc/features/supplier-invoices/supplier-invoices.controller.t
s[0m:[93m57[0m:[93m7[0m - [91merror[0m[90m TS2353: 
[0mObject literal may only specify known properties, and 'isBL' 
does not exist in type '{ fournisseurId?: string | undefined; 
statut?: string | undefined; clientId?: string | undefined; 
centreId?: string | undefined; page?: number | undefined; limit?: 
number | undefined; }'.

[7m57[0m       isBL: isBL === 'true' ? true : isBL === 'false' 
? false : undefined,
[7m  [0m [91m      ~~~~[0m
[96msrc/features/supplier-invoices/supplier-invoices.service.ts[
0m:[93m129[0m:[93m7[0m - [91merror[0m[90m TS2339: 
[0mProperty 'startDate' does not exist on type '{ 
fournisseurId?: string | undefined; statut?: string | undefined; 
clientId?: string | undefined; centreId?: string | undefined; 
page?: number | undefined; limit?: number | undefined; }'.

[7m129[0m       startDate,
[7m   [0m [91m      ~~~~~~~~~[0m
[96msrc/features/supplier-invoices/supplier-invoices.service.ts[
0m:[93m130[0m:[93m7[0m - [91merror[0m[90m TS2339: 
[0mProperty 'endDate' does not exist on type '{ fournisseurId?: 
string | undefined; statut?: string | undefined; clientId?: 
string | undefined; centreId?: string | undefined; page?: number 
| undefined; limit?: number | undefined; }'.

[7m130[0m       endDate,
[7m   [0m [91m      ~~~~~~~[0m
[96msrc/features/supplier-invoices/supplier-invoices.service.ts[
0m:[93m131[0m:[93m7[0m - [91merror[0m[90m TS2339: 
[0mProperty 'ficheId' does not exist on type '{ fournisseurId?: 
string | undefined; statut?: string | undefined; clientId?: 
string | undefined; centreId?: string | undefined; page?: number 
| undefined; limit?: number | undefined; }'.

[7m131[0m       ficheId,
[7m   [0m [91m      ~~~~~~~[0m
[96msrc/features/supplier-invoices/supplier-invoices.service.ts[
0m:[93m160[0m:[93m11[0m - [91merror[0m[90m TS2353: 
[0mObject literal may only specify known properties, and 
'parentInvoice' does not exist in type 
'FactureFournisseurInclude<DefaultArgs>'.

[7m160[0m           parentInvoice: { select: { id: true, 
numeroFacture: true } },
[7m   [0m [91m          ~~~~~~~~~~~~~[0m
[96msrc/features/supplier-invoices/supplier-invoices.service.ts[
0m:[93m182[0m:[93m9[0m - [91merror[0m[90m TS2353: 
[0mObject literal may only specify known properties, and 
'parentInvoice' does not exist in type 
'FactureFournisseurInclude<DefaultArgs>'.

[7m182[0m         parentInvoice: true,
[7m   [0m [91m        ~~~~~~~~~~~~~[0m

  [96mnode_modules/.prisma/client/index.d.ts[0m:[93m26769[0m:
[93m5[0m
    [7m26769[0m     include?: 
FactureFournisseurInclude<ExtArgs> | null
    [7m     [0m [96m    ~~~~~~~[0m
    The expected type comes from property 'include' which is 
declared here on type '{ select?: 
FactureFournisseurSelect<DefaultArgs> | null | undefined; omit?: 
FactureFournisseurOmit<DefaultArgs> | null | undefined; include?: 
FactureFournisseurInclude<...> | ... 1 more ... | undefined; 
where: FactureFournisseurWhereUniqueInput; }'

Found 8 error(s).

